Archive member included because of file (symbol)

/Applications/POB-Tools.app/Contents/MacOS/../Resources/sdk/pobeye2/libpob2.a(init.o)
                              ./form_recognition_and_print.o (InitPobeye2)
/Applications/POB-Tools.app/Contents/MacOS/../Resources/sdk/pobeye2/libpob2.a(i2c.o)
                              ./form_recognition_and_print.o (InitI2C)
/Applications/POB-Tools.app/Contents/MacOS/../Resources/sdk/pobeye2/libpob2.a(cam_pobeye2.o)
                              ./form_recognition_and_print.o (GetRGBFrame)
/Applications/POB-Tools.app/Contents/MacOS/../Resources/sdk/pobeye2/libpob2.a(visio.o)
                              ./form_recognition_and_print.o (BinaryRGBFrame)
/Applications/POB-Tools.app/Contents/MacOS/../Resources/sdk/pobeye2/libpob2.a(graph.o)
                              ./form_recognition_and_print.o (InitGraphicBuffer)
/Applications/POB-Tools.app/Contents/MacOS/../Resources/sdk/pobeye2/libpob2.a(lcd.o)
                              ./form_recognition_and_print.o (DrawLCD)
/Applications/POB-Tools.app/Contents/MacOS/../Resources/sdk/pobeye2/libpob2.a(utils.o)
                              /Applications/POB-Tools.app/Contents/MacOS/../Resources/sdk/pobeye2/libpob2.a(cam_pobeye2.o) (WaitMs)
/Applications/POB-Tools.app/Contents/MacOS/../Resources/sdk/pobeye2/libpob2.a(io-bus.o)
                              /Applications/POB-Tools.app/Contents/MacOS/../Resources/sdk/pobeye2/libpob2.a(lcd.o) (SetIOWay)
/Applications/POB-Tools.app/Contents/MacOS/../Resources/sdk/pobeye2/libpob2.a(timer.o)
                              /Applications/POB-Tools.app/Contents/MacOS/../Resources/sdk/pobeye2/libpob2.a(io-bus.o) (WaitUs)
/Applications/POB-Tools.app/Contents/MacOS/../Resources/sdk/pobeye2/libpob2.a(interrupt.o)
                              /Applications/POB-Tools.app/Contents/MacOS/../Resources/sdk/pobeye2/libpob2.a(timer.o) (enableIRQ)
/Applications/POB-Tools.app/Contents/MacOS/../Resources/sdk/pobeye2/libpob2.a(uart0.o)
                              /Applications/POB-Tools.app/Contents/MacOS/../Resources/sdk/pobeye2/libpob2.a(utils.o) (SendByteToUART0)
/Developer/yagarto-4.4.2/bin/../lib/gcc/arm-elf/4.4.2/interwork/libgcc.a(_udivsi3.o)
                              /Applications/POB-Tools.app/Contents/MacOS/../Resources/sdk/pobeye2/libpob2.a(utils.o) (__udivsi3)
/Developer/yagarto-4.4.2/bin/../lib/gcc/arm-elf/4.4.2/interwork/libgcc.a(_divsi3.o)
                              /Applications/POB-Tools.app/Contents/MacOS/../Resources/sdk/pobeye2/libpob2.a(visio.o) (__divsi3)
/Developer/yagarto-4.4.2/bin/../lib/gcc/arm-elf/4.4.2/interwork/libgcc.a(_dvmd_tls.o)
                              /Developer/yagarto-4.4.2/bin/../lib/gcc/arm-elf/4.4.2/interwork/libgcc.a(_udivsi3.o) (__div0)
/Developer/yagarto-4.4.2/bin/../lib/gcc/arm-elf/4.4.2/interwork/libgcc.a(_arm_addsubdf3.o)
                              /Applications/POB-Tools.app/Contents/MacOS/../Resources/sdk/pobeye2/libpob2.a(visio.o) (__floatsidf)
/Developer/yagarto-4.4.2/bin/../lib/gcc/arm-elf/4.4.2/interwork/libgcc.a(_arm_muldivdf3.o)
                              /Applications/POB-Tools.app/Contents/MacOS/../Resources/sdk/pobeye2/libpob2.a(visio.o) (__muldf3)
/Developer/yagarto-4.4.2/bin/../lib/gcc/arm-elf/4.4.2/interwork/libgcc.a(_arm_truncdfsf2.o)
                              /Applications/POB-Tools.app/Contents/MacOS/../Resources/sdk/pobeye2/libpob2.a(visio.o) (__truncdfsf2)
/Developer/yagarto-4.4.2/bin/../lib/gcc/arm-elf/4.4.2/interwork/libgcc.a(_arm_addsubsf3.o)
                              /Applications/POB-Tools.app/Contents/MacOS/../Resources/sdk/pobeye2/libpob2.a(visio.o) (__addsf3)
/Developer/yagarto-4.4.2/bin/../lib/gcc/arm-elf/4.4.2/interwork/libgcc.a(_arm_muldivsf3.o)
                              /Applications/POB-Tools.app/Contents/MacOS/../Resources/sdk/pobeye2/libpob2.a(visio.o) (__divsf3)
/Developer/yagarto-4.4.2/bin/../lib/gcc/arm-elf/4.4.2/interwork/libgcc.a(_arm_fixunssfsi.o)
                              /Applications/POB-Tools.app/Contents/MacOS/../Resources/sdk/pobeye2/libpob2.a(visio.o) (__fixunssfsi)

Allocating common symbols
Common symbol       size              file

uart0UserRead       0x4               /Applications/POB-Tools.app/Contents/MacOS/../Resources/sdk/pobeye2/libpob2.a(uart0.o)
Timer0Flag          0x1               /Applications/POB-Tools.app/Contents/MacOS/../Resources/sdk/pobeye2/libpob2.a(timer.o)
Timer0UserProcess   0x4               /Applications/POB-Tools.app/Contents/MacOS/../Resources/sdk/pobeye2/libpob2.a(timer.o)
uart0IntrBuffer     0x40              /Applications/POB-Tools.app/Contents/MacOS/../Resources/sdk/pobeye2/libpob2.a(uart0.o)
uart0IntrWrite      0x4               /Applications/POB-Tools.app/Contents/MacOS/../Resources/sdk/pobeye2/libpob2.a(uart0.o)

Discarded input sections

 .debug_frame   0x00000000       0x2c /Developer/yagarto-4.4.2/bin/../lib/gcc/arm-elf/4.4.2/interwork/libgcc.a(_udivsi3.o)
 .debug_line    0x00000000       0x94 /Developer/yagarto-4.4.2/bin/../lib/gcc/arm-elf/4.4.2/interwork/libgcc.a(_udivsi3.o)
 .debug_info    0x00000000       0xb3 /Developer/yagarto-4.4.2/bin/../lib/gcc/arm-elf/4.4.2/interwork/libgcc.a(_udivsi3.o)
 .debug_abbrev  0x00000000       0x14 /Developer/yagarto-4.4.2/bin/../lib/gcc/arm-elf/4.4.2/interwork/libgcc.a(_udivsi3.o)
 .debug_aranges
                0x00000000       0x20 /Developer/yagarto-4.4.2/bin/../lib/gcc/arm-elf/4.4.2/interwork/libgcc.a(_udivsi3.o)
 .debug_frame   0x00000000       0x2c /Developer/yagarto-4.4.2/bin/../lib/gcc/arm-elf/4.4.2/interwork/libgcc.a(_divsi3.o)
 .debug_line    0x00000000       0xa0 /Developer/yagarto-4.4.2/bin/../lib/gcc/arm-elf/4.4.2/interwork/libgcc.a(_divsi3.o)
 .debug_info    0x00000000       0xb3 /Developer/yagarto-4.4.2/bin/../lib/gcc/arm-elf/4.4.2/interwork/libgcc.a(_divsi3.o)
 .debug_abbrev  0x00000000       0x14 /Developer/yagarto-4.4.2/bin/../lib/gcc/arm-elf/4.4.2/interwork/libgcc.a(_divsi3.o)
 .debug_aranges
                0x00000000       0x20 /Developer/yagarto-4.4.2/bin/../lib/gcc/arm-elf/4.4.2/interwork/libgcc.a(_divsi3.o)
 .debug_line    0x00000000       0x6d /Developer/yagarto-4.4.2/bin/../lib/gcc/arm-elf/4.4.2/interwork/libgcc.a(_dvmd_tls.o)
 .debug_info    0x00000000       0xb3 /Developer/yagarto-4.4.2/bin/../lib/gcc/arm-elf/4.4.2/interwork/libgcc.a(_dvmd_tls.o)
 .debug_abbrev  0x00000000       0x14 /Developer/yagarto-4.4.2/bin/../lib/gcc/arm-elf/4.4.2/interwork/libgcc.a(_dvmd_tls.o)
 .debug_aranges
                0x00000000       0x20 /Developer/yagarto-4.4.2/bin/../lib/gcc/arm-elf/4.4.2/interwork/libgcc.a(_dvmd_tls.o)
 .debug_line    0x00000000      0x175 /Developer/yagarto-4.4.2/bin/../lib/gcc/arm-elf/4.4.2/interwork/libgcc.a(_arm_addsubdf3.o)
 .debug_info    0x00000000       0xb2 /Developer/yagarto-4.4.2/bin/../lib/gcc/arm-elf/4.4.2/interwork/libgcc.a(_arm_addsubdf3.o)
 .debug_abbrev  0x00000000       0x14 /Developer/yagarto-4.4.2/bin/../lib/gcc/arm-elf/4.4.2/interwork/libgcc.a(_arm_addsubdf3.o)
 .debug_aranges
                0x00000000       0x20 /Developer/yagarto-4.4.2/bin/../lib/gcc/arm-elf/4.4.2/interwork/libgcc.a(_arm_addsubdf3.o)
 .debug_line    0x00000000      0x18a /Developer/yagarto-4.4.2/bin/../lib/gcc/arm-elf/4.4.2/interwork/libgcc.a(_arm_muldivdf3.o)
 .debug_info    0x00000000       0xb2 /Developer/yagarto-4.4.2/bin/../lib/gcc/arm-elf/4.4.2/interwork/libgcc.a(_arm_muldivdf3.o)
 .debug_abbrev  0x00000000       0x14 /Developer/yagarto-4.4.2/bin/../lib/gcc/arm-elf/4.4.2/interwork/libgcc.a(_arm_muldivdf3.o)
 .debug_aranges
                0x00000000       0x20 /Developer/yagarto-4.4.2/bin/../lib/gcc/arm-elf/4.4.2/interwork/libgcc.a(_arm_muldivdf3.o)
 .debug_line    0x00000000       0x93 /Developer/yagarto-4.4.2/bin/../lib/gcc/arm-elf/4.4.2/interwork/libgcc.a(_arm_truncdfsf2.o)
 .debug_info    0x00000000       0xb2 /Developer/yagarto-4.4.2/bin/../lib/gcc/arm-elf/4.4.2/interwork/libgcc.a(_arm_truncdfsf2.o)
 .debug_abbrev  0x00000000       0x14 /Developer/yagarto-4.4.2/bin/../lib/gcc/arm-elf/4.4.2/interwork/libgcc.a(_arm_truncdfsf2.o)
 .debug_aranges
                0x00000000       0x20 /Developer/yagarto-4.4.2/bin/../lib/gcc/arm-elf/4.4.2/interwork/libgcc.a(_arm_truncdfsf2.o)
 .debug_line    0x00000000      0x123 /Developer/yagarto-4.4.2/bin/../lib/gcc/arm-elf/4.4.2/interwork/libgcc.a(_arm_addsubsf3.o)
 .debug_info    0x00000000       0xb2 /Developer/yagarto-4.4.2/bin/../lib/gcc/arm-elf/4.4.2/interwork/libgcc.a(_arm_addsubsf3.o)
 .debug_abbrev  0x00000000       0x14 /Developer/yagarto-4.4.2/bin/../lib/gcc/arm-elf/4.4.2/interwork/libgcc.a(_arm_addsubsf3.o)
 .debug_aranges
                0x00000000       0x20 /Developer/yagarto-4.4.2/bin/../lib/gcc/arm-elf/4.4.2/interwork/libgcc.a(_arm_addsubsf3.o)
 .debug_line    0x00000000      0x12d /Developer/yagarto-4.4.2/bin/../lib/gcc/arm-elf/4.4.2/interwork/libgcc.a(_arm_muldivsf3.o)
 .debug_info    0x00000000       0xb2 /Developer/yagarto-4.4.2/bin/../lib/gcc/arm-elf/4.4.2/interwork/libgcc.a(_arm_muldivsf3.o)
 .debug_abbrev  0x00000000       0x14 /Developer/yagarto-4.4.2/bin/../lib/gcc/arm-elf/4.4.2/interwork/libgcc.a(_arm_muldivsf3.o)
 .debug_aranges
                0x00000000       0x20 /Developer/yagarto-4.4.2/bin/../lib/gcc/arm-elf/4.4.2/interwork/libgcc.a(_arm_muldivsf3.o)
 .debug_line    0x00000000       0x80 /Developer/yagarto-4.4.2/bin/../lib/gcc/arm-elf/4.4.2/interwork/libgcc.a(_arm_fixunssfsi.o)
 .debug_info    0x00000000       0xb2 /Developer/yagarto-4.4.2/bin/../lib/gcc/arm-elf/4.4.2/interwork/libgcc.a(_arm_fixunssfsi.o)
 .debug_abbrev  0x00000000       0x14 /Developer/yagarto-4.4.2/bin/../lib/gcc/arm-elf/4.4.2/interwork/libgcc.a(_arm_fixunssfsi.o)
 .debug_aranges
                0x00000000       0x20 /Developer/yagarto-4.4.2/bin/../lib/gcc/arm-elf/4.4.2/interwork/libgcc.a(_arm_fixunssfsi.o)

Memory Configuration

Name             Origin             Length             Attributes
flash            0x00000000         0x0001e000
ram              0x40000000         0x0000ffe0
*default*        0x00000000         0xffffffff

Linker script and memory map

LOAD ./form_recognition_and_print.o
LOAD /Developer/yagarto-4.4.2/bin/../lib/gcc/arm-elf/4.4.2/../../../../arm-elf/lib/interwork/libc.a
LOAD /Developer/yagarto-4.4.2/bin/../lib/gcc/arm-elf/4.4.2/../../../../arm-elf/lib/interwork/libm.a
LOAD /Developer/yagarto-4.4.2/bin/../lib/gcc/arm-elf/4.4.2/interwork/libgcc.a
LOAD /Applications/POB-Tools.app/Contents/MacOS/../Resources/sdk/pobeye2/boot.o
LOAD /Applications/POB-Tools.app/Contents/MacOS/../Resources/sdk/pobeye2/libpob2.a
START GROUP
LOAD /Developer/yagarto-4.4.2/bin/../lib/gcc/arm-elf/4.4.2/interwork/libgcc.a
LOAD /Developer/yagarto-4.4.2/bin/../lib/gcc/arm-elf/4.4.2/../../../../arm-elf/lib/interwork/libc.a
END GROUP
                0x00000000                . = 0x0

startup         0x00000000       0x48
 *(.startup)
 .startup       0x00000000       0x48 /Applications/POB-Tools.app/Contents/MacOS/../Resources/sdk/pobeye2/boot.o

prog            0x00000048     0x80a4
 *(.text)
 .text          0x00000048      0x158 ./form_recognition_and_print.o
                0x00000048                main
 .text          0x000001a0       0xb8 /Applications/POB-Tools.app/Contents/MacOS/../Resources/sdk/pobeye2/boot.o
                0x000001a0                start
                0x0000023c                endless_loop
 .text          0x00000258      0x110 /Applications/POB-Tools.app/Contents/MacOS/../Resources/sdk/pobeye2/libpob2.a(init.o)
                0x00000274                InitPobeye2
                0x00000354                intr_undefined
                0x00000358                intr_swi
                0x0000035c                intr_pabort
                0x00000360                intr_dabort
                0x00000364                intr_fiq
 .text          0x00000368      0x29c /Applications/POB-Tools.app/Contents/MacOS/../Resources/sdk/pobeye2/libpob2.a(i2c.o)
                0x00000368                InitI2C
                0x000003cc                SendSlaveAddress
                0x000004a0                ReadOnI2C
                0x000004e0                ReadOnI2CWithAck
                0x00000548                WriteOnI2C
                0x00000584                WriteBufferOnI2C
                0x000005d8                StopI2C
 .text          0x00000604      0x5b8 /Applications/POB-Tools.app/Contents/MacOS/../Resources/sdk/pobeye2/libpob2.a(cam_pobeye2.o)
                0x00000604                GetRGBFrame
                0x00000610                InitCameraPobeye2ForCubot
                0x0000067c                GrabFullRGBFrame
                0x00000794                GrabRGBFrame
                0x000008b4                SetCameraParameter
                0x000008e4                QvgaRaw
                0x00000b3c                InitCameraPobeye2
 .text          0x00000bbc     0x1288 /Applications/POB-Tools.app/Contents/MacOS/../Resources/sdk/pobeye2/libpob2.a(visio.o)
                0x00000bbc                BinaryRGBFrame
                0x00000c7c                GetHSLFrame
                0x00000dc8                GetHSVFrame
                0x00000efc                GrayRGBFrame
                0x00000f68                GrayAPixel
                0x00000fb0                Square
                0x000010e4                CutForm
                0x00001648                FindFormWithCadrige
                0x000016f4                DrawVec
                0x000018b4                TestPattern
                0x00001cb0                IdentifyForm
 .text          0x00001e44      0x8b8 /Applications/POB-Tools.app/Contents/MacOS/../Resources/sdk/pobeye2/libpob2.a(graph.o)
                0x00001e44                InitGraphicBuffer
                0x00001e5c                ClearGraphicBuffer
                0x00001ea4                PlotAPoint
                0x00001f14                DrawComponentInABufferVideo
                0x00001fa4                DrawLine
                0x00002160                GetBitmapWidth
                0x000021f0                GetBitmapHeight
                0x0000227c                DrawBitmap
 .text          0x000026fc      0x814 /Applications/POB-Tools.app/Contents/MacOS/../Resources/sdk/pobeye2/libpob2.a(lcd.o)
                0x000026fc                SetData
                0x0000273c                TicTac
                0x00002768                SetPageXYZ
                0x000027a0                SetLCDIO
                0x000027c4                DrawLCD
                0x00002b8c                DrawRightLCD
                0x00002d34                DrawLeftLCD
                0x00002ed4                InitLCD
 .text          0x00002f10      0x1ec /Applications/POB-Tools.app/Contents/MacOS/../Resources/sdk/pobeye2/libpob2.a(utils.o)
                0x00002f10                SetLed
                0x00002f28                ClearLed
                0x00002f40                Bin2Dec
                0x00003000                Bin2Hex
                0x00003030                Wait_4Us
                0x00003094                Wait_100Us
                0x000030ac                WaitMs
                0x000030c4                SendString
 .text          0x000030fc      0x214 /Applications/POB-Tools.app/Contents/MacOS/../Resources/sdk/pobeye2/libpob2.a(io-bus.o)
                0x000030fc                SetIOWay
                0x00003148                GetInput
                0x00003178                SetOutput
                0x000031a8                ClrOutput
                0x000031d8                ClrAndSetOuput
                0x000031f4                ReadByte
                0x00003284                WriteByte
 .text          0x00003310      0x1d8 /Applications/POB-Tools.app/Contents/MacOS/../Resources/sdk/pobeye2/libpob2.a(timer.o)
                0x00003310                WaitUs
                0x00003364                StartClock
                0x000033a8                GetClock
                0x000033b8                StopClock
                0x000033cc                Timer0IrqHandler
                0x00003418                StopTimer0
                0x00003428                IsTimer0Overflow
                0x00003450                Timer0AttachFunction
                0x00003460                Timer0DetachFunction
                0x00003474                InitTimer0
 .text          0x000034e8       0x3c /Applications/POB-Tools.app/Contents/MacOS/../Resources/sdk/pobeye2/libpob2.a(interrupt.o)
                0x000034e8                enableIRQ
                0x000034f8                disableIRQ
                0x00003508                restoreIRQ
 .text          0x00003524      0x568 /Applications/POB-Tools.app/Contents/MacOS/../Resources/sdk/pobeye2/libpob2.a(uart0.o)
                0x00003524                Uart0IrqHandler
                0x000035a8                GetByteFromUART0Intr
                0x00003608                SetUART0Configuration
                0x00003890                InitUART0
                0x00003908                FlushUART0
                0x00003920                IsUART0Empty
                0x00003940                SendByteToUART0
                0x00003968                SendBufferToUART0
                0x000039a0                GetByteFromUART0
                0x000039c4                GetByteFromUART0NoWait
                0x000039f0                GetBufferFromUART0
                0x00003a28                InitUART0Intr
 .text          0x00003a8c      0x114 /Developer/yagarto-4.4.2/bin/../lib/gcc/arm-elf/4.4.2/interwork/libgcc.a(_udivsi3.o)
                0x00003a8c                __udivsi3
                0x00003a8c                __aeabi_uidiv
                0x00003b88                __aeabi_uidivmod
 .text          0x00003ba0      0x144 /Developer/yagarto-4.4.2/bin/../lib/gcc/arm-elf/4.4.2/interwork/libgcc.a(_divsi3.o)
                0x00003ba0                __aeabi_idiv
                0x00003ba0                __divsi3
                0x00003ccc                __aeabi_idivmod
 .text          0x00003ce4        0x4 /Developer/yagarto-4.4.2/bin/../lib/gcc/arm-elf/4.4.2/interwork/libgcc.a(_dvmd_tls.o)
                0x00003ce4                __aeabi_ldiv0
                0x00003ce4                __div0
                0x00003ce4                __aeabi_idiv0
 .text          0x00003ce8      0x430 /Developer/yagarto-4.4.2/bin/../lib/gcc/arm-elf/4.4.2/interwork/libgcc.a(_arm_addsubdf3.o)
                0x00003ce8                __aeabi_drsub
                0x00003cf0                __subdf3
                0x00003cf0                __aeabi_dsub
                0x00003cf4                __aeabi_dadd
                0x00003cf4                __adddf3
                0x00004004                __aeabi_ui2d
                0x00004004                __floatunsidf
                0x0000402c                __floatsidf
                0x0000402c                __aeabi_i2d
                0x00004058                __extendsfdf2
                0x00004058                __aeabi_f2d
                0x00004098                __aeabi_ul2d
                0x00004098                __floatundidf
                0x000040ac                __aeabi_l2d
                0x000040ac                __floatdidf
 .text          0x00004118      0x49c /Developer/yagarto-4.4.2/bin/../lib/gcc/arm-elf/4.4.2/interwork/libgcc.a(_arm_muldivdf3.o)
                0x00004118                __aeabi_dmul
                0x00004118                __muldf3
                0x000043a8                __aeabi_ddiv
                0x000043a8                __divdf3
 .text          0x000045b4       0xa0 /Developer/yagarto-4.4.2/bin/../lib/gcc/arm-elf/4.4.2/interwork/libgcc.a(_arm_truncdfsf2.o)
                0x000045b4                __aeabi_d2f
                0x000045b4                __truncdfsf2
 .text          0x00004654      0x2ac /Developer/yagarto-4.4.2/bin/../lib/gcc/arm-elf/4.4.2/interwork/libgcc.a(_arm_addsubsf3.o)
                0x00004654                __aeabi_frsub
                0x0000465c                __aeabi_fsub
                0x0000465c                __subsf3
                0x00004660                __aeabi_fadd
                0x00004660                __addsf3
                0x0000481c                __aeabi_ui2f
                0x0000481c                __floatunsisf
                0x00004824                __floatsisf
                0x00004824                __aeabi_i2f
                0x00004844                __aeabi_ul2f
                0x00004844                __floatundisf
                0x00004854                __aeabi_l2f
                0x00004854                __floatdisf
 .text          0x00004900      0x2f8 /Developer/yagarto-4.4.2/bin/../lib/gcc/arm-elf/4.4.2/interwork/libgcc.a(_arm_muldivsf3.o)
                0x00004900                __mulsf3
                0x00004900                __aeabi_fmul
                0x00004a98                __divsf3
                0x00004a98                __aeabi_fdiv
 .text          0x00004bf8       0x54 /Developer/yagarto-4.4.2/bin/../lib/gcc/arm-elf/4.4.2/interwork/libgcc.a(_arm_fixunssfsi.o)
                0x00004bf8                __aeabi_f2uiz
                0x00004bf8                __fixunssfsi
 *(.rodata)
 .rodata        0x00004c4c     0x3498 ./form_recognition_and_print.o
                0x00004c4c                pattern
                0x000050bc                bitmap
 .rodata        0x000080e4        0x8 /Applications/POB-Tools.app/Contents/MacOS/../Resources/sdk/pobeye2/libpob2.a(i2c.o)
 *(.rodata*)
 *(.glue_7)
 .glue_7        0x00000000        0x0 linker stubs
 *(.glue_7t)
 .glue_7t       0x00000000        0x0 linker stubs

.vfp11_veneer   0x00000000        0x0
 .vfp11_veneer  0x00000000        0x0 linker stubs

.v4_bx          0x00000000        0x0
 .v4_bx         0x00000000        0x0 linker stubs

.eh_frame
 *(.eh_frame)
                0x00000000                __end_of_text__ = .

.data           0x40000000        0x0 load address 0x000080ec
                0x40000000                __data_beg__ = .
                0x000080ec                __data_beg_src__ = __end_of_text__
 *(.data)
 .data          0x40000000        0x0 ./form_recognition_and_print.o
 .data          0x40000000        0x0 /Applications/POB-Tools.app/Contents/MacOS/../Resources/sdk/pobeye2/boot.o
 .data          0x40000000        0x0 /Applications/POB-Tools.app/Contents/MacOS/../Resources/sdk/pobeye2/libpob2.a(init.o)
 .data          0x40000000        0x0 /Applications/POB-Tools.app/Contents/MacOS/../Resources/sdk/pobeye2/libpob2.a(i2c.o)
 .data          0x40000000        0x0 /Applications/POB-Tools.app/Contents/MacOS/../Resources/sdk/pobeye2/libpob2.a(cam_pobeye2.o)
 .data          0x40000000        0x0 /Applications/POB-Tools.app/Contents/MacOS/../Resources/sdk/pobeye2/libpob2.a(visio.o)
 .data          0x40000000        0x0 /Applications/POB-Tools.app/Contents/MacOS/../Resources/sdk/pobeye2/libpob2.a(graph.o)
 .data          0x40000000        0x0 /Applications/POB-Tools.app/Contents/MacOS/../Resources/sdk/pobeye2/libpob2.a(lcd.o)
 .data          0x40000000        0x0 /Applications/POB-Tools.app/Contents/MacOS/../Resources/sdk/pobeye2/libpob2.a(utils.o)
 .data          0x40000000        0x0 /Applications/POB-Tools.app/Contents/MacOS/../Resources/sdk/pobeye2/libpob2.a(io-bus.o)
 .data          0x40000000        0x0 /Applications/POB-Tools.app/Contents/MacOS/../Resources/sdk/pobeye2/libpob2.a(timer.o)
 .data          0x40000000        0x0 /Applications/POB-Tools.app/Contents/MacOS/../Resources/sdk/pobeye2/libpob2.a(interrupt.o)
 .data          0x40000000        0x0 /Applications/POB-Tools.app/Contents/MacOS/../Resources/sdk/pobeye2/libpob2.a(uart0.o)
 .data          0x40000000        0x0 /Developer/yagarto-4.4.2/bin/../lib/gcc/arm-elf/4.4.2/interwork/libgcc.a(_udivsi3.o)
 .data          0x40000000        0x0 /Developer/yagarto-4.4.2/bin/../lib/gcc/arm-elf/4.4.2/interwork/libgcc.a(_divsi3.o)
 .data          0x40000000        0x0 /Developer/yagarto-4.4.2/bin/../lib/gcc/arm-elf/4.4.2/interwork/libgcc.a(_dvmd_tls.o)
 .data          0x40000000        0x0 /Developer/yagarto-4.4.2/bin/../lib/gcc/arm-elf/4.4.2/interwork/libgcc.a(_arm_addsubdf3.o)
 .data          0x40000000        0x0 /Developer/yagarto-4.4.2/bin/../lib/gcc/arm-elf/4.4.2/interwork/libgcc.a(_arm_muldivdf3.o)
 .data          0x40000000        0x0 /Developer/yagarto-4.4.2/bin/../lib/gcc/arm-elf/4.4.2/interwork/libgcc.a(_arm_truncdfsf2.o)
 .data          0x40000000        0x0 /Developer/yagarto-4.4.2/bin/../lib/gcc/arm-elf/4.4.2/interwork/libgcc.a(_arm_addsubsf3.o)
 .data          0x40000000        0x0 /Developer/yagarto-4.4.2/bin/../lib/gcc/arm-elf/4.4.2/interwork/libgcc.a(_arm_muldivsf3.o)
 .data          0x40000000        0x0 /Developer/yagarto-4.4.2/bin/../lib/gcc/arm-elf/4.4.2/interwork/libgcc.a(_arm_fixunssfsi.o)
                0x40000000                __data_end__ = .

.bss            0x40000000     0x4b50 load address 0x000080ec
                0x40000000                __bss_beg__ = .
 *(.bss)
 .bss           0x40000000        0x0 ./form_recognition_and_print.o
 .bss           0x40000000        0x0 /Applications/POB-Tools.app/Contents/MacOS/../Resources/sdk/pobeye2/boot.o
 .bss           0x40000000        0x0 /Applications/POB-Tools.app/Contents/MacOS/../Resources/sdk/pobeye2/libpob2.a(init.o)
 .bss           0x40000000        0x0 /Applications/POB-Tools.app/Contents/MacOS/../Resources/sdk/pobeye2/libpob2.a(i2c.o)
 .bss           0x40000000     0x4b00 /Applications/POB-Tools.app/Contents/MacOS/../Resources/sdk/pobeye2/libpob2.a(cam_pobeye2.o)
 .bss           0x40004b00        0x0 /Applications/POB-Tools.app/Contents/MacOS/../Resources/sdk/pobeye2/libpob2.a(visio.o)
 .bss           0x40004b00        0x0 /Applications/POB-Tools.app/Contents/MacOS/../Resources/sdk/pobeye2/libpob2.a(graph.o)
 .bss           0x40004b00        0x0 /Applications/POB-Tools.app/Contents/MacOS/../Resources/sdk/pobeye2/libpob2.a(lcd.o)
 .bss           0x40004b00        0x0 /Applications/POB-Tools.app/Contents/MacOS/../Resources/sdk/pobeye2/libpob2.a(utils.o)
 .bss           0x40004b00        0x0 /Applications/POB-Tools.app/Contents/MacOS/../Resources/sdk/pobeye2/libpob2.a(io-bus.o)
 .bss           0x40004b00        0x0 /Applications/POB-Tools.app/Contents/MacOS/../Resources/sdk/pobeye2/libpob2.a(timer.o)
 .bss           0x40004b00        0x0 /Applications/POB-Tools.app/Contents/MacOS/../Resources/sdk/pobeye2/libpob2.a(interrupt.o)
 .bss           0x40004b00        0x0 /Applications/POB-Tools.app/Contents/MacOS/../Resources/sdk/pobeye2/libpob2.a(uart0.o)
 .bss           0x40004b00        0x0 /Developer/yagarto-4.4.2/bin/../lib/gcc/arm-elf/4.4.2/interwork/libgcc.a(_udivsi3.o)
 .bss           0x40004b00        0x0 /Developer/yagarto-4.4.2/bin/../lib/gcc/arm-elf/4.4.2/interwork/libgcc.a(_divsi3.o)
 .bss           0x40004b00        0x0 /Developer/yagarto-4.4.2/bin/../lib/gcc/arm-elf/4.4.2/interwork/libgcc.a(_dvmd_tls.o)
 .bss           0x40004b00        0x0 /Developer/yagarto-4.4.2/bin/../lib/gcc/arm-elf/4.4.2/interwork/libgcc.a(_arm_addsubdf3.o)
 .bss           0x40004b00        0x0 /Developer/yagarto-4.4.2/bin/../lib/gcc/arm-elf/4.4.2/interwork/libgcc.a(_arm_muldivdf3.o)
 .bss           0x40004b00        0x0 /Developer/yagarto-4.4.2/bin/../lib/gcc/arm-elf/4.4.2/interwork/libgcc.a(_arm_truncdfsf2.o)
 .bss           0x40004b00        0x0 /Developer/yagarto-4.4.2/bin/../lib/gcc/arm-elf/4.4.2/interwork/libgcc.a(_arm_addsubsf3.o)
 .bss           0x40004b00        0x0 /Developer/yagarto-4.4.2/bin/../lib/gcc/arm-elf/4.4.2/interwork/libgcc.a(_arm_muldivsf3.o)
 .bss           0x40004b00        0x0 /Developer/yagarto-4.4.2/bin/../lib/gcc/arm-elf/4.4.2/interwork/libgcc.a(_arm_fixunssfsi.o)
 COMMON         0x40004b00        0x8 /Applications/POB-Tools.app/Contents/MacOS/../Resources/sdk/pobeye2/libpob2.a(timer.o)
                0x40004b00                Timer0Flag
                0x40004b04                Timer0UserProcess
 COMMON         0x40004b08       0x48 /Applications/POB-Tools.app/Contents/MacOS/../Resources/sdk/pobeye2/libpob2.a(uart0.o)
                0x40004b08                uart0UserRead
                0x40004b0c                uart0IntrBuffer
                0x40004b4c                uart0IntrWrite

.stack          0x40004c00     0x2000 load address 0x000080ec
                0x40006c00                . = (. + 0x2000)
 *fill*         0x40004c00     0x2000 00
                0x40006c00                __stack_end__ = .
                0x40006c00                . = ALIGN (0x4)
                0x40006c00                . = ALIGN (0x4)
                0x40006c00                _end = .
                0x40006c00                _bss_end__ = .
                0x40006c00                __bss_end__ = .
                0x40006c00                __end__ = .
                0x40006c00                PROVIDE (end, .)
OUTPUT(./form_recongition_and_print.elf elf32-littlearm)

.comment        0x00000000       0xd7
 .comment       0x00000000       0x11 ./form_recognition_and_print.o
                                 0x12 (size before relaxing)
 .comment       0x00000011       0x12 /Applications/POB-Tools.app/Contents/MacOS/../Resources/sdk/pobeye2/libpob2.a(init.o)
 .comment       0x00000023       0x12 /Applications/POB-Tools.app/Contents/MacOS/../Resources/sdk/pobeye2/libpob2.a(i2c.o)
 .comment       0x00000035       0x12 /Applications/POB-Tools.app/Contents/MacOS/../Resources/sdk/pobeye2/libpob2.a(cam_pobeye2.o)
 .comment       0x00000047       0x12 /Applications/POB-Tools.app/Contents/MacOS/../Resources/sdk/pobeye2/libpob2.a(visio.o)
 .comment       0x00000059       0x12 /Applications/POB-Tools.app/Contents/MacOS/../Resources/sdk/pobeye2/libpob2.a(graph.o)
 .comment       0x0000006b       0x12 /Applications/POB-Tools.app/Contents/MacOS/../Resources/sdk/pobeye2/libpob2.a(lcd.o)
 .comment       0x0000007d       0x12 /Applications/POB-Tools.app/Contents/MacOS/../Resources/sdk/pobeye2/libpob2.a(utils.o)
 .comment       0x0000008f       0x12 /Applications/POB-Tools.app/Contents/MacOS/../Resources/sdk/pobeye2/libpob2.a(io-bus.o)
 .comment       0x000000a1       0x12 /Applications/POB-Tools.app/Contents/MacOS/../Resources/sdk/pobeye2/libpob2.a(timer.o)
 .comment       0x000000b3       0x12 /Applications/POB-Tools.app/Contents/MacOS/../Resources/sdk/pobeye2/libpob2.a(interrupt.o)
 .comment       0x000000c5       0x12 /Applications/POB-Tools.app/Contents/MacOS/../Resources/sdk/pobeye2/libpob2.a(uart0.o)

.ARM.attributes
                0x00000000       0x10
 .ARM.attributes
                0x00000000       0x10 ./form_recognition_and_print.o
 .ARM.attributes
                0x00000010       0x10 /Applications/POB-Tools.app/Contents/MacOS/../Resources/sdk/pobeye2/boot.o
 .ARM.attributes
                0x00000020       0x10 /Applications/POB-Tools.app/Contents/MacOS/../Resources/sdk/pobeye2/libpob2.a(init.o)
 .ARM.attributes
                0x00000030       0x10 /Applications/POB-Tools.app/Contents/MacOS/../Resources/sdk/pobeye2/libpob2.a(i2c.o)
 .ARM.attributes
                0x00000040       0x10 /Applications/POB-Tools.app/Contents/MacOS/../Resources/sdk/pobeye2/libpob2.a(cam_pobeye2.o)
 .ARM.attributes
                0x00000050       0x10 /Applications/POB-Tools.app/Contents/MacOS/../Resources/sdk/pobeye2/libpob2.a(visio.o)
 .ARM.attributes
                0x00000060       0x10 /Applications/POB-Tools.app/Contents/MacOS/../Resources/sdk/pobeye2/libpob2.a(graph.o)
 .ARM.attributes
                0x00000070       0x10 /Applications/POB-Tools.app/Contents/MacOS/../Resources/sdk/pobeye2/libpob2.a(lcd.o)
 .ARM.attributes
                0x00000080       0x10 /Applications/POB-Tools.app/Contents/MacOS/../Resources/sdk/pobeye2/libpob2.a(utils.o)
 .ARM.attributes
                0x00000090       0x10 /Applications/POB-Tools.app/Contents/MacOS/../Resources/sdk/pobeye2/libpob2.a(io-bus.o)
 .ARM.attributes
                0x000000a0       0x10 /Applications/POB-Tools.app/Contents/MacOS/../Resources/sdk/pobeye2/libpob2.a(timer.o)
 .ARM.attributes
                0x000000b0       0x10 /Applications/POB-Tools.app/Contents/MacOS/../Resources/sdk/pobeye2/libpob2.a(interrupt.o)
 .ARM.attributes
                0x000000c0       0x10 /Applications/POB-Tools.app/Contents/MacOS/../Resources/sdk/pobeye2/libpob2.a(uart0.o)
 .ARM.attributes
                0x000000d0       0x10 /Developer/yagarto-4.4.2/bin/../lib/gcc/arm-elf/4.4.2/interwork/libgcc.a(_udivsi3.o)
 .ARM.attributes
                0x000000e0       0x10 /Developer/yagarto-4.4.2/bin/../lib/gcc/arm-elf/4.4.2/interwork/libgcc.a(_divsi3.o)
 .ARM.attributes
                0x000000f0       0x10 /Developer/yagarto-4.4.2/bin/../lib/gcc/arm-elf/4.4.2/interwork/libgcc.a(_dvmd_tls.o)
 .ARM.attributes
                0x00000100       0x10 /Developer/yagarto-4.4.2/bin/../lib/gcc/arm-elf/4.4.2/interwork/libgcc.a(_arm_addsubdf3.o)
 .ARM.attributes
                0x00000110       0x10 /Developer/yagarto-4.4.2/bin/../lib/gcc/arm-elf/4.4.2/interwork/libgcc.a(_arm_muldivdf3.o)
 .ARM.attributes
                0x00000120       0x10 /Developer/yagarto-4.4.2/bin/../lib/gcc/arm-elf/4.4.2/interwork/libgcc.a(_arm_truncdfsf2.o)
 .ARM.attributes
                0x00000130       0x10 /Developer/yagarto-4.4.2/bin/../lib/gcc/arm-elf/4.4.2/interwork/libgcc.a(_arm_addsubsf3.o)
 .ARM.attributes
                0x00000140       0x10 /Developer/yagarto-4.4.2/bin/../lib/gcc/arm-elf/4.4.2/interwork/libgcc.a(_arm_muldivsf3.o)
 .ARM.attributes
                0x00000150       0x10 /Developer/yagarto-4.4.2/bin/../lib/gcc/arm-elf/4.4.2/interwork/libgcc.a(_arm_fixunssfsi.o)

.debug_frame

.debug_line

.debug_info

.debug_abbrev

.debug_aranges

.debug_frame

.debug_line

.debug_info

.debug_abbrev

.debug_aranges

.debug_line

.debug_info

.debug_abbrev

.debug_aranges

.debug_line

.debug_info

.debug_abbrev

.debug_aranges

.debug_line

.debug_info

.debug_abbrev

.debug_aranges

.debug_line

.debug_info

.debug_abbrev

.debug_aranges

.debug_line

.debug_info

.debug_abbrev

.debug_aranges

.debug_line

.debug_info

.debug_abbrev

.debug_aranges

.debug_line

.debug_info

.debug_abbrev

.debug_aranges
